../Core/Src/main.c:82:6:vLedTask1	24	static
../Core/Src/main.c:93:6:vLedTask2	24	static
../Core/Src/main.c:104:6:vLedTask3	24	static
../Core/Src/main.c:115:6:vLedTask4	24	static
../Core/Src/main.c:126:6:vUARTSendingTask	24	static
../Core/Src/main.c:138:6:vUARTReceivingTask	128	static
../Core/Src/main.c:168:5:main	72	static
../Core/Src/main.c:272:6:SystemClock_Config	88	static
../Core/Src/main.c:319:13:MX_USART2_UART_Init	8	static
../Core/Src/main.c:352:13:MX_GPIO_Init	40	static
../Core/Src/main.c:387:6:StartDefaultTask	16	static
../Core/Src/main.c:406:6:HAL_TIM_PeriodElapsedCallback	16	static
../Core/Src/main.c:423:6:Error_Handler	4	static,ignoring_inline_asm
