../Core/Src/main.c:62:6:vTaskBusyWait	24	static,ignoring_inline_asm
../Core/Src/main.c:68:6:vUARTSendingTask	24	static
../Core/Src/main.c:81:6:vPortYieldTask	24	static,ignoring_inline_asm
../Core/Src/main.c:96:6:vHighPriorityTask	24	static
../Core/Src/main.c:111:6:vLowPriorityTask	24	static
../Core/Src/main.c:129:5:main	64	static
../Core/Src/main.c:253:6:SystemClock_Config	88	static
../Core/Src/main.c:300:13:MX_USART2_UART_Init	8	static
../Core/Src/main.c:333:13:MX_GPIO_Init	16	static
../Core/Src/main.c:352:6:StartDefaultTask	16	static
../Core/Src/main.c:371:6:HAL_TIM_PeriodElapsedCallback	16	static
../Core/Src/main.c:388:6:Error_Handler	4	static,ignoring_inline_asm
