../Core/Src/main.c:66:6:vTaskBusyWait	24	static,ignoring_inline_asm
../Core/Src/main.c:72:6:vUARTSendingTask	24	static
../Core/Src/main.c:85:6:vPortYieldTask	24	static,ignoring_inline_asm
../Core/Src/main.c:100:6:vHighPriorityTask	24	static
../Core/Src/main.c:115:6:vLowPriorityTask	24	static
../Core/Src/main.c:133:5:main	64	static
../Core/Src/main.c:217:6:SystemClock_Config	88	static
../Core/Src/main.c:265:13:MX_USART1_UART_Init	8	static
../Core/Src/main.c:298:13:MX_USART2_UART_Init	8	static
../Core/Src/main.c:331:13:MX_GPIO_Init	16	static
../Core/Src/main.c:354:6:StartDefaultTask	16	static
../Core/Src/main.c:373:6:HAL_TIM_PeriodElapsedCallback	16	static
../Core/Src/main.c:390:6:Error_Handler	4	static,ignoring_inline_asm
