../Core/Src/main.c:66:6:vQueueSenderTask	24	static
../Core/Src/main.c:82:6:vQueueReceiverTask	40	static
../Core/Src/main.c:102:5:main	56	static
../Core/Src/main.c:184:6:SystemClock_Config	88	static
../Core/Src/main.c:231:13:MX_ADC1_Init	24	static
../Core/Src/main.c:283:13:MX_USART2_UART_Init	8	static
../Core/Src/main.c:316:13:MX_GPIO_Init	16	static
../Core/Src/main.c:335:6:StartDefaultTask	16	static
../Core/Src/main.c:354:6:HAL_TIM_PeriodElapsedCallback	16	static
../Core/Src/main.c:371:6:Error_Handler	4	static,ignoring_inline_asm
