../Drivers/CMSIS/Include/core_cm4.h:1816:22:__NVIC_SetPriority	16	static
../Drivers/CMSIS/Include/core_cm4.h:2022:26:SysTick_Config	16	static
../Core/Src/main.c:58:6:SysTick_Handler	4	static
../Core/Src/main.c:62:6:SysTick_Delay	24	static
../Core/Src/main.c:74:5:main	8	static
../Core/Src/main.c:120:6:SystemClock_Config	88	static
../Core/Src/main.c:167:13:MX_GPIO_Init	32	static
../Core/Src/main.c:202:6:HAL_TIM_PeriodElapsedCallback	16	static
../Core/Src/main.c:219:6:Error_Handler	4	static,ignoring_inline_asm
